// Jest Snapshot v1, https://goo.gl/fbAQLP

exports[`Pruebas en <TodoHeader/> Debe de mostrarse correctamente 1`] = `<handleAddTodo />`;
