// Jest Snapshot v1, https://goo.gl/fbAQLP

exports[`Pruebas en <TodoListItem /> Debe de mostrarse correctamente 1`] = `
<li
  className="list-group-item d-flex justify-content-between align-items-center"
>
  <p
    className="text-center m-0 todo-p "
    onClick={[Function]}
  >
    2
    . 
    Aprender Next
  </p>
  <div>
    <button
      className="btn btn-danger"
      onClick={[Function]}
    >
      Borrar
    </button>
  </div>
</li>
`;
