// Jest Snapshot v1, https://goo.gl/fbAQLP

exports[`Pruebas en <HomeScreeen /> Debe de mostarrse correctamente 1`] = `
<div>
  <h1>
    HomeScreeen
  </h1>
  <hr />
  <pre>
    {
    "name": "Bradon",
    "email": "brandon@gmail.com"
}
  </pre>
</div>
`;
