// Jest Snapshot v1, https://goo.gl/fbAQLP

exports[`Pruebas en <LoginScreen/> Mostrarse correctamente 1`] = `
<div>
  <h1>
    LoginScreen
  </h1>
  <hr />
  <div>
    <button
      className="btn btn-primary"
      onClick={[Function]}
    >
      Login
    </button>
  </div>
</div>
`;
